#
# There is insufficient memory for the Java Runtime Environment to continue.
# Native memory allocation (mmap) failed to map 264241152 bytes. Error detail: G1 virtual space
# Possible reasons:
#   The system is out of physical RAM or swap space
#   This process is running with CompressedOops enabled, and the Java Heap may be blocking the growth of the native heap
# Possible solutions:
#   Reduce memory load on the system
#   Increase physical memory or swap space
#   Check if swap backing store is full
#   Decrease Java heap size (-Xmx/-Xms)
#   Decrease number of Java threads
#   Decrease Java thread stack sizes (-Xss)
#   Set larger code cache with -XX:ReservedCodeCacheSize=
#   JVM is running with Zero Based Compressed Oops mode in which the Java heap is
#     placed in the first 32GB address space. The Java Heap base address is the
#     maximum limit for the native heap growth. Please use -XX:HeapBaseMinAddress
#     to set the Java Heap base and to place the Java Heap above 32GB virtual address.
# This output file may be truncated or incomplete.
#
#  Out of Memory Error (os_windows.cpp:3766), pid=21932, tid=15920
#
# JRE version:  (25.0.3+9) (build )
# Java VM: OpenJDK 64-Bit Server VM (25.0.3+9-b508.16, mixed mode, sharing, tiered, compressed oops, compressed class ptrs, g1 gc, windows-amd64)
# No core dump will be written. Minidumps are not enabled by default on client versions of Windows
#

---------------  S U M M A R Y ------------

Command Line: git4idea.http.GitAskPassApp Username for 'https://github.com': 

Host: 12th Gen Intel(R) Core(TM) i5-12450H, 12 cores, 15G,  Windows 11 , 64 bit Build 26100 (10.0.26100.9444)
Time: Sat Sep 26 19:59:51 2026 India Standard Time elapsed time: 0.080593 seconds (0d 0h 0m 0s)

---------------  T H R E A D  ---------------

Current thread (0x0000018d1961f640):  JavaThread "Unknown thread" [_thread_in_vm, id=15920, stack(0x0000007bb2500000,0x0000007bb2600000) (1024K)]

Stack: [0x0000007bb2500000,0x0000007bb2600000]
Native frames: (J=compiled Java code, j=interpreted, Vv=VM code, C=native code)
V  [jvm.dll+0x7c2949]  (no source info available)
V  [jvm.dll+0x78c01d]  (no source info available)
V  [jvm.dll+0xa105b3]  (no source info available)
V  [jvm.dll+0xa12dac]  (no source info available)
V  [jvm.dll+0xa134a3]  (no source info available)
V  [jvm.dll+0x308106]  (no source info available)
V  [jvm.dll+0x7beb55]  (no source info available)
V  [jvm.dll+0x7b1ae7]  (no source info available)
V  [jvm.dll+0x40224e]  (no source info available)
V  [jvm.dll+0x40a06b]  (no source info available)
V  [jvm.dll+0x3f68a9]  (no source info available)
V  [jvm.dll+0x3f6b5b]  (no source info available)
V  [jvm.dll+0x3ccb73]  (no source info available)
V  [jvm.dll+0x3cd7de]  (no source info available)
V  [jvm.dll+0x9d6907]  (no source info available)
V  [jvm.dll+0x467992]  (no source info available)
V  [jvm.dll+0x9ba039]  (no source info available)
V  [jvm.dll+0x509dd1]  (no source info available)
V  [jvm.dll+0x50b741]  (no source info available)
C  [jli.dll+0x5422]  (no source info available)
C  [ucrtbase.dll+0x2cd30]  (no source info available)
C  [KERNEL32.DLL+0x2cd87]  (no source info available)
C  [ntdll.dll+0xacaec]  (no source info available)

Lock stack of current Java thread (top to bottom):


---------------  P R O C E S S  ---------------

Threads class SMR info:
_java_thread_list=0x00007ffdf255c108, length=0, elements={
}

Java Threads: ( => current thread )
Total: 0

Other Threads:
  0x0000018d1968c320 WorkerThread "GC Thread#0"                     [id=35076, stack(0x0000007bb2600000,0x0000007bb2700000) (1024K)]
  0x0000018d196a5ce0 ConcurrentGCThread "G1 Main Marker"            [id=29824, stack(0x0000007bb2700000,0x0000007bb2800000) (1024K)]
  0x0000018d196a7f80 WorkerThread "G1 Conc#0"                       [id=42984, stack(0x0000007bb2800000,0x0000007bb2900000) (1024K)]

[error occurred during error reporting (printing all threads), id 0xc0000005, EXCEPTION_ACCESS_VIOLATION (0xc0000005) at pc=0x00007ffdf1b7194a]
VM state: not at safepoint (not fully initialized)

VM Mutex/Monitor currently owned by a thread:  ([mutex/lock_event])
[0x00007ffdf25e4fb0] Heap_lock - owner thread: 0x0000018d1961f640

Heap address: 0x0000000704c00000, size: 4020 MB, Compressed Oops mode: Zero based, Oop shift amount: 3

CDS archive(s) mapped at: [0x0000000000000000-0x0000000000000000-0x0000000000000000), size 0, SharedBaseAddress: 0x0000000800000000, ArchiveRelocationMode: 1.
UseCompressedClassPointers 1, UseCompactObjectHeaders 0
Narrow klass pointer bits 32, Max shift 3
Narrow klass base: 0xffffffffffffffff, Narrow klass shift: -1
Encoding Range: [0xffffffffffffffff - 0x000000007fffffff), (2147483648 bytes)
Klass Range:    [0x0000000000000000 - 0x0000000000000000), (0 bytes)
Klass ID Range:  [4294967295 - 0) (1)
No protection zone.

GC Precious Log:
 CardTable entry size: 512
 Card Set container configuration: InlinePtr #cards 4 size 8 Array Of Cards #cards 16 size 48 Howl #buckets 8 coarsen threshold 3686 Howl Bitmap #cards 512 size 80 coarsen threshold 460 Card regions per heap region 1 cards per card region 4096

Heap:
 garbage-first heap   total reserved 4116480K, committed 0K, used 0K [0x0000000704c00000, 0x0000000800000000)
  region size 2048K, 0 young (0K), 0 survivors (0K)

Heap Regions: E=young(eden), S=young(survivor), O=old, HS=humongous(starts), HC=humongous(continues), CS=collection set, F=free, TAMS=top-at-mark-start, PB=parsable bottom

Card table byte_map: [0x0000018d2ced0000,0x0000018d2d6b0000] _byte_map_base: 0x0000018d296aa000

Marking Bits: (CMBitMap*) 0x0000018d1968cab0
 Bits: [0x0000018d2d6b0000, 0x0000018d31580000)

GC Heap Usage History (0 events):
No events

Metaspace Usage History (0 events):
No events

Dll operation events (1 events):
Event: 0.016 Loaded shared library D:\IntelliJ IDEA 2026.2.1\jbr\bin\java.dll

Deoptimization events (0 events):
No events

Classes loaded (0 events):
No events

Classes unloaded (0 events):
No events

Classes redefined (0 events):
No events

Internal exceptions (0 events):
No events

VM Operations (0 events):
No events

Memory protections (0 events):
No events

Nmethod flushes (0 events):
No events

Events (0 events):
No events


Dynamic libraries:
0x00007ff6ebf80000 - 0x00007ff6ebf8a000 	D:\IntelliJ IDEA 2026.2.1\jbr\bin\java.exe
0x00007ffeb8780000 - 0x00007ffeb89e7000 	C:\WINDOWS\SYSTEM32\ntdll.dll
0x00007ffeb75f0000 - 0x00007ffeb76bb000 	C:\WINDOWS\System32\KERNEL32.DLL
0x00007ffeb5af0000 - 0x00007ffeb5ef2000 	C:\WINDOWS\System32\KERNELBASE.dll
0x00007ffeb5fc0000 - 0x00007ffeb610c000 	C:\WINDOWS\System32\ucrtbase.dll
0x00007ffe305f0000 - 0x00007ffe30607000 	D:\IntelliJ IDEA 2026.2.1\jbr\bin\jli.dll
0x00007ffeac4a0000 - 0x00007ffeac4be000 	D:\IntelliJ IDEA 2026.2.1\jbr\bin\VCRUNTIME140.dll
0x00007ffeb7720000 - 0x00007ffeb78ef000 	C:\WINDOWS\System32\USER32.dll
0x00007ffe90e30000 - 0x00007ffe910c0000 	C:\WINDOWS\WinSxS\amd64_microsoft.windows.common-controls_6595b64144ccf1df_6.0.26100.9278_none_3e0d1ba8e3303201\COMCTL32.dll
0x00007ffeb6340000 - 0x00007ffeb6367000 	C:\WINDOWS\System32\win32u.dll
0x00007ffeb7480000 - 0x00007ffeb74ab000 	C:\WINDOWS\System32\GDI32.dll
0x00007ffeb7a40000 - 0x00007ffeb7ae9000 	C:\WINDOWS\System32\msvcrt.dll
0x00007ffeb6370000 - 0x00007ffeb6499000 	C:\WINDOWS\System32\gdi32full.dll
0x00007ffeb5980000 - 0x00007ffeb5a23000 	C:\WINDOWS\System32\msvcp_win.dll
0x00007ffeb86e0000 - 0x00007ffeb8711000 	C:\WINDOWS\System32\IMM32.DLL
0x00007ffeac640000 - 0x00007ffeac64c000 	D:\IntelliJ IDEA 2026.2.1\jbr\bin\vcruntime140_1.dll
0x00007ffe4a940000 - 0x00007ffe4a9c9000 	D:\IntelliJ IDEA 2026.2.1\jbr\bin\msvcp140.dll
0x00007ffdf1790000 - 0x00007ffdf26e5000 	D:\IntelliJ IDEA 2026.2.1\jbr\bin\server\jvm.dll
0x00007ffeb7520000 - 0x00007ffeb75dc000 	C:\WINDOWS\System32\ADVAPI32.dll
0x00007ffeb7990000 - 0x00007ffeb7a39000 	C:\WINDOWS\System32\sechost.dll
0x00007ffeb7050000 - 0x00007ffeb7168000 	C:\WINDOWS\System32\RPCRT4.dll
0x00007ffeb7320000 - 0x00007ffeb73a0000 	C:\WINDOWS\System32\WS2_32.dll
0x00007ffeb5800000 - 0x00007ffeb585e000 	C:\WINDOWS\SYSTEM32\POWRPROF.dll
0x00007ffeb1f90000 - 0x00007ffeb1fc6000 	C:\WINDOWS\SYSTEM32\WINMM.dll
0x00007ffe910f0000 - 0x00007ffe910fb000 	C:\WINDOWS\SYSTEM32\VERSION.dll
0x00007ffeb57e0000 - 0x00007ffeb57f5000 	C:\WINDOWS\SYSTEM32\UMPDC.dll
0x00007ffeb4610000 - 0x00007ffeb462b000 	C:\WINDOWS\SYSTEM32\kernel.appcore.dll
0x00007ffeac490000 - 0x00007ffeac49a000 	D:\IntelliJ IDEA 2026.2.1\jbr\bin\jimage.dll
0x00007ffeb2db0000 - 0x00007ffeb2ffc000 	C:\WINDOWS\SYSTEM32\DBGHELP.DLL
0x00007ffeb6c40000 - 0x00007ffeb6fc5000 	C:\WINDOWS\System32\combase.dll
0x00007ffeb7fd0000 - 0x00007ffeb80a9000 	C:\WINDOWS\System32\OLEAUT32.dll
0x00007ffe8bd90000 - 0x00007ffe8bdcb000 	C:\WINDOWS\SYSTEM32\dbgcore.DLL
0x00007ffeb5a30000 - 0x00007ffeb5adc000 	C:\WINDOWS\System32\bcryptPrimitives.dll
0x00007ffeac470000 - 0x00007ffeac48f000 	D:\IntelliJ IDEA 2026.2.1\jbr\bin\java.dll
0x00007ffeb8540000 - 0x00007ffeb86da000 	C:\WINDOWS\System32\ole32.dll
0x00007ffeb64a0000 - 0x00007ffeb6c38000 	C:\WINDOWS\System32\SHELL32.dll

JVMTI agents: none

dbghelp: loaded successfully - version: 4.0.5 - missing functions: none
symbol engine: initialized successfully - sym options: 0x614 - pdb path: .;D:\IntelliJ IDEA 2026.2.1\jbr\bin;C:\WINDOWS\SYSTEM32;C:\WINDOWS\WinSxS\amd64_microsoft.windows.common-controls_6595b64144ccf1df_6.0.26100.9278_none_3e0d1ba8e3303201;D:\IntelliJ IDEA 2026.2.1\jbr\bin\server

VM Arguments:
java_command: git4idea.http.GitAskPassApp Username for 'https://github.com': 
java_class_path (initial): D:/IntelliJ IDEA 2026.2.1/plugins/vcs-git/lib/git4idea-rt.jar;D:/IntelliJ IDEA 2026.2.1/lib/externalProcess-rt.jar
Launcher Type: SUN_STANDARD

[Global flags]
     intx CICompilerCount                          = 4                                         {product} {ergonomic}
     uint ConcGCThreads                            = 3                                         {product} {ergonomic}
     uint G1ConcRefinementThreads                  = 10                                        {product} {ergonomic}
   size_t G1HeapRegionSize                         = 2097152                                   {product} {ergonomic}
   size_t InitialHeapSize                          = 264241152                                 {product} {ergonomic}
   size_t MarkStackSize                            = 4194304                                   {product} {ergonomic}
   size_t MarkStackSizeMax                         = 536870912                                 {product} {ergonomic}
   size_t MaxHeapSize                              = 4215275520                                {product} {ergonomic}
   size_t MinHeapDeltaBytes                        = 2097152                                   {product} {ergonomic}
   size_t MinHeapSize                              = 8388608                                   {product} {ergonomic}
    uintx NonNMethodCodeHeapSize                   = 5898240                                {pd product} {ergonomic}
    uintx NonProfiledCodeHeapSize                  = 122945536                              {pd product} {ergonomic}
    uintx ProfiledCodeHeapSize                     = 122945536                              {pd product} {ergonomic}
    uintx ReservedCodeCacheSize                    = 251789312                              {pd product} {ergonomic}
     bool SegmentedCodeCache                       = true                                      {product} {ergonomic}
   size_t SoftMaxHeapSize                          = 4215275520                             {manageable} {ergonomic}
     bool UseCompressedOops                        = true                           {product lp64_product} {ergonomic}
     bool UseG1GC                                  = true                                      {product} {ergonomic}
     bool UseLargePagesIndividualAllocation        = false                                  {pd product} {ergonomic}

Logging:
Log output configuration:
 #0: stdout all=warning uptime,level,tags foldmultilines=false
 #1: stderr all=off uptime,level,tags foldmultilines=false

Release file:
<release file has not been read>
Environment Variables:
JAVA_HOME=C:\Program Files\Eclipse Adoptium\jdk-21.0.12.101-hotspot\
PATH=C:/Program Files/Git/mingw64/libexec/git-core;C:/Program Files/Git/mingw64/libexec/git-core;C:\Program Files\Git\mingw64\bin;C:\Program Files\Git\usr\bin;C:\Users\sanja\bin;C:\Program Files\Eclipse Adoptium\jdk-21.0.12.101-hotspot\bin;C:\Program Files\Common Files\Oracle\Java\javapath;C:\WINDOWS\system32;C:\WINDOWS;C:\WINDOWS\System32\Wbem;C:\WINDOWS\System32\WindowsPowerShell\v1.0\;C:\WINDOWS\System32\OpenSSH\;C:\MinGW\bin;C:\Program Files\nodejs\;C:\Program Files\Git\cmd;C:\Program Files\Java\jdk-26\bin;C:\Users\sanja\AppData\Local\Microsoft\WindowsApps;C:\Users\sanja\AppData\Local\Programs\Microsoft VS Code\bin;C:\MinGW\bin;C:\Users\sanja\AppData\Roaming\npm;C:\Users\sanja\AppData\Local\GitHubDesktop\bin;D:\IntelliJ IDEA 2026.2.1\bin;D:\fundamentals\cursor\resources\app\bin
USERNAME=Sanjana hegde
DISPLAY=:0.0
LC_ALL=en_US.UTF-8
TERM=xterm-256color
TMPDIR=C:\Users\sanja\AppData\Local\Temp
OS=Windows_NT
PROCESSOR_IDENTIFIER=Intel64 Family 6 Model 154 Stepping 3, GenuineIntel
TMP=C:\Users\sanja\AppData\Local\Temp
TEMP=C:\Users\sanja\AppData\Local\Temp




Compilation memory statistics disabled.

Periodic native trim disabled

JNI global refs:
JNI global refs: 0, weak refs: 0

JNI global refs memory usage: 0, weak refs: 0

Process memory usage:
Resident Set Size: 14560K (0% of 16462712K total physical memory with 893736K free physical memory)

OOME stack traces (most recent first):
Classloader memory used:

---------------  S Y S T E M  ---------------

OS:
 Windows 11 , 64 bit Build 26100 (10.0.26100.9444)
OS uptime: 8 days 11:46 hours
Hyper-V role detected

CPU: total 12 (initial active 12) (6 cores per cpu, 2 threads per core) family 6 model 154 stepping 3 microcode 0x43b, cx8, cmov, fxsr, ht, mmx, 3dnowpref, sse, sse2, sse3, ssse3, sse4.1, sse4.2, popcnt, lzcnt, tsc, tscinvbit, avx, avx2, aes, erms, clmul, bmi1, bmi2, adx, sha, fma, vzeroupper, clflush, clflushopt, clwb, hv, serialize, rdtscp, rdpid, fsrm, gfni, f16c, cet_ibt, cet_ss
Processor Information for processor 0
  Max Mhz: 2000, Current Mhz: 2000, Mhz Limit: 2000
Processor Information for processor 1
  Max Mhz: 2000, Current Mhz: 2000, Mhz Limit: 2000
Processor Information for processor 2
  Max Mhz: 2000, Current Mhz: 2000, Mhz Limit: 2000
Processor Information for processor 3
  Max Mhz: 2000, Current Mhz: 2000, Mhz Limit: 2000
Processor Information for processor 4
  Max Mhz: 2000, Current Mhz: 2000, Mhz Limit: 2000
Processor Information for processor 5
  Max Mhz: 2000, Current Mhz: 2000, Mhz Limit: 2000
Processor Information for processor 6
  Max Mhz: 2000, Current Mhz: 2000, Mhz Limit: 2000
Processor Information for processor 7
  Max Mhz: 2000, Current Mhz: 2000, Mhz Limit: 2000
Processor Information for processor 8
  Max Mhz: 2000, Current Mhz: 1500, Mhz Limit: 1500
Processor Information for processor 9
  Max Mhz: 2000, Current Mhz: 1500, Mhz Limit: 1500
Processor Information for processor 10
  Max Mhz: 2000, Current Mhz: 1500, Mhz Limit: 1500
Processor Information for processor 11
  Max Mhz: 2000, Current Mhz: 1500, Mhz Limit: 1500

Memory: 4k page, system-wide physical 16076M (872M free)
TotalPageFile size 34949M (AvailPageFile size 10M)
current process WorkingSet (physical memory assigned to process): 14M, peak: 14M
current process commit charge ("private bytes"): 65M, peak: 316M

vm_info: OpenJDK 64-Bit Server VM (25.0.3+9-b508.16) for windows-amd64 JRE (25.0.3+9-b508.16), built on 2026-06-22 with MS VC++ 17.14 (VS2022)

END.
